Archive member included because of file (symbol)

../../../libopencm3//lib/libopencm3_stm32f1.a(gpio.o)
                              blinking.o (gpio_set_mode)
../../../libopencm3//lib/libopencm3_stm32f1.a(gpio_common_all.o)
                              blinking.o (gpio_toggle)
../../../libopencm3//lib/libopencm3_stm32f1.a(rcc_common_all.o)
                              blinking.o (rcc_periph_clock_enable)
../../../libopencm3//lib/libopencm3_stm32f1.a(vector.o)
                              (reset_handler)

Discarded input sections

 .text          0x0000000000000000        0x0 blinking.o
 .data          0x0000000000000000        0x0 blinking.o
 .bss           0x0000000000000000        0x0 blinking.o
 .text          0x0000000000000000        0x0 ../../../libopencm3//lib/libopencm3_stm32f1.a(gpio.o)
 .data          0x0000000000000000        0x0 ../../../libopencm3//lib/libopencm3_stm32f1.a(gpio.o)
 .bss           0x0000000000000000        0x0 ../../../libopencm3//lib/libopencm3_stm32f1.a(gpio.o)
 .text.gpio_set_eventout
                0x0000000000000000       0x10 ../../../libopencm3//lib/libopencm3_stm32f1.a(gpio.o)
 .text.gpio_primary_remap
                0x0000000000000000       0x18 ../../../libopencm3//lib/libopencm3_stm32f1.a(gpio.o)
 .text.gpio_secondary_remap
                0x0000000000000000       0x10 ../../../libopencm3//lib/libopencm3_stm32f1.a(gpio.o)
 .text          0x0000000000000000        0x0 ../../../libopencm3//lib/libopencm3_stm32f1.a(gpio_common_all.o)
 .data          0x0000000000000000        0x0 ../../../libopencm3//lib/libopencm3_stm32f1.a(gpio_common_all.o)
 .bss           0x0000000000000000        0x0 ../../../libopencm3//lib/libopencm3_stm32f1.a(gpio_common_all.o)
 .text.gpio_set
                0x0000000000000000        0x4 ../../../libopencm3//lib/libopencm3_stm32f1.a(gpio_common_all.o)
 .text.gpio_clear
                0x0000000000000000        0x6 ../../../libopencm3//lib/libopencm3_stm32f1.a(gpio_common_all.o)
 .text.gpio_get
                0x0000000000000000        0x6 ../../../libopencm3//lib/libopencm3_stm32f1.a(gpio_common_all.o)
 .text.gpio_port_read
                0x0000000000000000        0x6 ../../../libopencm3//lib/libopencm3_stm32f1.a(gpio_common_all.o)
 .text.gpio_port_write
                0x0000000000000000        0x4 ../../../libopencm3//lib/libopencm3_stm32f1.a(gpio_common_all.o)
 .text.gpio_port_config_lock
                0x0000000000000000       0x10 ../../../libopencm3//lib/libopencm3_stm32f1.a(gpio_common_all.o)
 .text          0x0000000000000000        0x0 ../../../libopencm3//lib/libopencm3_stm32f1.a(rcc_common_all.o)
 .data          0x0000000000000000        0x0 ../../../libopencm3//lib/libopencm3_stm32f1.a(rcc_common_all.o)
 .bss           0x0000000000000000        0x0 ../../../libopencm3//lib/libopencm3_stm32f1.a(rcc_common_all.o)
 .text.rcc_peripheral_enable_clock
                0x0000000000000000        0x8 ../../../libopencm3//lib/libopencm3_stm32f1.a(rcc_common_all.o)
 .text.rcc_peripheral_disable_clock
                0x0000000000000000        0xa ../../../libopencm3//lib/libopencm3_stm32f1.a(rcc_common_all.o)
 .text.rcc_peripheral_reset
                0x0000000000000000        0x8 ../../../libopencm3//lib/libopencm3_stm32f1.a(rcc_common_all.o)
 .text.rcc_peripheral_clear_reset
                0x0000000000000000        0xa ../../../libopencm3//lib/libopencm3_stm32f1.a(rcc_common_all.o)
 .text.rcc_periph_clock_disable
                0x0000000000000000       0x1e ../../../libopencm3//lib/libopencm3_stm32f1.a(rcc_common_all.o)
 .text.rcc_periph_reset_pulse
                0x0000000000000000       0x24 ../../../libopencm3//lib/libopencm3_stm32f1.a(rcc_common_all.o)
 .text.rcc_periph_reset_hold
                0x0000000000000000       0x1c ../../../libopencm3//lib/libopencm3_stm32f1.a(rcc_common_all.o)
 .text.rcc_periph_reset_release
                0x0000000000000000       0x1e ../../../libopencm3//lib/libopencm3_stm32f1.a(rcc_common_all.o)
 .text          0x0000000000000000        0x0 ../../../libopencm3//lib/libopencm3_stm32f1.a(vector.o)
 .data          0x0000000000000000        0x0 ../../../libopencm3//lib/libopencm3_stm32f1.a(vector.o)
 .bss           0x0000000000000000        0x0 ../../../libopencm3//lib/libopencm3_stm32f1.a(vector.o)

Memory Configuration

Name             Origin             Length             Attributes
rom              0x0000000008000000 0x0000000000010000 xr
ram              0x0000000020000000 0x0000000000005000 xrw
*default*        0x0000000000000000 0xffffffffffffffff

Linker script and memory map

LOAD blinking.o
LOAD ../../../libopencm3//lib/libopencm3_stm32f1.a
START GROUP
LOAD /usr/bin/../lib/gcc/arm-none-eabi/4.8.4/../../../../arm-none-eabi/lib/armv7-m/libc.a
LOAD /usr/bin/../lib/gcc/arm-none-eabi/4.8.4/armv7-m/libgcc.a
LOAD /usr/bin/../lib/gcc/arm-none-eabi/4.8.4/../../../../arm-none-eabi/lib/armv7-m/libnosys.a
END GROUP
START GROUP
LOAD /usr/bin/../lib/gcc/arm-none-eabi/4.8.4/armv7-m/libgcc.a
LOAD /usr/bin/../lib/gcc/arm-none-eabi/4.8.4/../../../../arm-none-eabi/lib/armv7-m/libc.a
END GROUP

.text           0x0000000008000000      0x2b0
 *(.vectors)
 .vectors       0x0000000008000000      0x150 ../../../libopencm3//lib/libopencm3_stm32f1.a(vector.o)
                0x0000000008000000                vector_table
 *(.text*)
 .text.startup.main
                0x0000000008000150       0x48 blinking.o
                0x0000000008000150                main
 .text.gpio_set_mode
                0x0000000008000198       0x70 ../../../libopencm3//lib/libopencm3_stm32f1.a(gpio.o)
                0x0000000008000198                gpio_set_mode
 .text.gpio_toggle
                0x0000000008000208        0x8 ../../../libopencm3//lib/libopencm3_stm32f1.a(gpio_common_all.o)
                0x0000000008000208                gpio_toggle
 .text.rcc_periph_clock_enable
                0x0000000008000210       0x1c ../../../libopencm3//lib/libopencm3_stm32f1.a(rcc_common_all.o)
                0x0000000008000210                rcc_periph_clock_enable
 .text.blocking_handler
                0x000000000800022c        0x2 ../../../libopencm3//lib/libopencm3_stm32f1.a(vector.o)
                0x000000000800022c                usart3_isr
                0x000000000800022c                rtc_isr
                0x000000000800022c                tim7_isr
                0x000000000800022c                adc1_2_isr
                0x000000000800022c                tim1_trg_com_isr
                0x000000000800022c                usb_hp_can_tx_isr
                0x000000000800022c                tim6_isr
                0x000000000800022c                usb_wakeup_isr
                0x000000000800022c                blocking_handler
                0x000000000800022c                tim5_isr
                0x000000000800022c                otg_fs_isr
                0x000000000800022c                spi1_isr
                0x000000000800022c                dma1_channel6_isr
                0x000000000800022c                exti2_isr
                0x000000000800022c                can_rx1_isr
                0x000000000800022c                dma1_channel5_isr
                0x000000000800022c                dma2_channel5_isr
                0x000000000800022c                usart1_isr
                0x000000000800022c                usage_fault_handler
                0x000000000800022c                tim8_trg_com_isr
                0x000000000800022c                can2_rx0_isr
                0x000000000800022c                tim1_brk_isr
                0x000000000800022c                can2_rx1_isr
                0x000000000800022c                tim1_cc_isr
                0x000000000800022c                sdio_isr
                0x000000000800022c                eth_isr
                0x000000000800022c                dma1_channel4_isr
                0x000000000800022c                tim8_brk_isr
                0x000000000800022c                dma2_channel4_5_isr
                0x000000000800022c                pvd_isr
                0x000000000800022c                rcc_isr
                0x000000000800022c                flash_isr
                0x000000000800022c                uart4_isr
                0x000000000800022c                rtc_alarm_isr
                0x000000000800022c                exti15_10_isr
                0x000000000800022c                hard_fault_handler
                0x000000000800022c                exti1_isr
                0x000000000800022c                i2c1_ev_isr
                0x000000000800022c                dma2_channel1_isr
                0x000000000800022c                spi2_isr
                0x000000000800022c                tim8_up_isr
                0x000000000800022c                dma2_channel2_isr
                0x000000000800022c                adc3_isr
                0x000000000800022c                exti3_isr
                0x000000000800022c                tim3_isr
                0x000000000800022c                usart2_isr
                0x000000000800022c                usb_lp_can_rx0_isr
                0x000000000800022c                i2c2_er_isr
                0x000000000800022c                i2c2_ev_isr
                0x000000000800022c                uart5_isr
                0x000000000800022c                fsmc_isr
                0x000000000800022c                dma1_channel1_isr
                0x000000000800022c                exti4_isr
                0x000000000800022c                mem_manage_handler
                0x000000000800022c                can2_tx_isr
                0x000000000800022c                exti9_5_isr
                0x000000000800022c                dma2_channel3_isr
                0x000000000800022c                dma1_channel7_isr
                0x000000000800022c                tim1_up_isr
                0x000000000800022c                can2_sce_isr
                0x000000000800022c                tim4_isr
                0x000000000800022c                dma1_channel2_isr
                0x000000000800022c                i2c1_er_isr
                0x000000000800022c                can_sce_isr
                0x000000000800022c                tim8_cc_isr
                0x000000000800022c                tamper_isr
                0x000000000800022c                eth_wkup_isr
                0x000000000800022c                bus_fault_handler
                0x000000000800022c                wwdg_isr
                0x000000000800022c                dma1_channel3_isr
                0x000000000800022c                spi3_isr
                0x000000000800022c                tim2_isr
                0x000000000800022c                exti0_isr
 .text.null_handler
                0x000000000800022e        0x2 ../../../libopencm3//lib/libopencm3_stm32f1.a(vector.o)
                0x000000000800022e                null_handler
                0x000000000800022e                sv_call_handler
                0x000000000800022e                pend_sv_handler
                0x000000000800022e                debug_monitor_handler
                0x000000000800022e                sys_tick_handler
                0x000000000800022e                nmi_handler
 .text.reset_handler
                0x0000000008000230       0x80 ../../../libopencm3//lib/libopencm3_stm32f1.a(vector.o)
                0x0000000008000230                reset_handler
                0x00000000080002b0                . = ALIGN (0x4)
 *(.rodata*)
                0x00000000080002b0                . = ALIGN (0x4)

.glue_7         0x00000000080002b0        0x0
 .glue_7        0x0000000000000000        0x0 linker stubs

.glue_7t        0x00000000080002b0        0x0
 .glue_7t       0x0000000000000000        0x0 linker stubs

.vfp11_veneer   0x00000000080002b0        0x0
 .vfp11_veneer  0x0000000000000000        0x0 linker stubs

.v4_bx          0x00000000080002b0        0x0
 .v4_bx         0x0000000000000000        0x0 linker stubs

.iplt           0x00000000080002b0        0x0
 .iplt          0x0000000000000000        0x0 blinking.o

.rel.dyn        0x00000000080002b0        0x0
 .rel.iplt      0x0000000000000000        0x0 blinking.o

.preinit_array  0x00000000080002b0        0x0
                0x00000000080002b0                . = ALIGN (0x4)
                0x00000000080002b0                __preinit_array_start = .
 *(.preinit_array)
                0x00000000080002b0                __preinit_array_end = .

.init_array     0x00000000080002b0        0x0
                0x00000000080002b0                . = ALIGN (0x4)
                0x00000000080002b0                __init_array_start = .
 *(SORT(.init_array.*))
 *(.init_array)
                0x00000000080002b0                __init_array_end = .

.fini_array     0x00000000080002b0        0x0
                0x00000000080002b0                . = ALIGN (0x4)
                0x00000000080002b0                __fini_array_start = .
 *(.fini_array)
 *(SORT(.fini_array.*))
                0x00000000080002b0                __fini_array_end = .

.ARM.extab
 *(.ARM.extab*)

.ARM.exidx      0x00000000080002b0        0x0
                0x00000000080002b0                __exidx_start = .
 *(.ARM.exidx*)
                0x00000000080002b0                __exidx_end = .
                0x00000000080002b0                . = ALIGN (0x4)
                0x00000000080002b0                _etext = .

.data           0x0000000020000000        0x0 load address 0x00000000080002b0
                0x0000000020000000                _data = .
 *(.data*)
                0x0000000020000000                . = ALIGN (0x4)
                0x0000000020000000                _edata = .
                0x00000000080002b0                _data_loadaddr = LOADADDR (.data)

.igot.plt       0x0000000020000000        0x0 load address 0x00000000080002b0
 .igot.plt      0x0000000000000000        0x0 blinking.o

.bss            0x0000000020000000        0x0 load address 0x00000000080002b0
 *(.bss*)
 *(COMMON)
                0x0000000020000000                . = ALIGN (0x4)
                0x0000000020000000                _ebss = .

/DISCARD/
 *(.eh_frame)
                0x0000000020000000                . = ALIGN (0x4)
                0x0000000020000000                end = .
                0x0000000020005000                PROVIDE (_stack, (ORIGIN (ram) + 0x5000))
OUTPUT(blinking.elf elf32-littlearm)

.debug_info     0x0000000000000000      0xeef
 .debug_info    0x0000000000000000      0x371 blinking.o
 .debug_info    0x0000000000000371      0x1c8 ../../../libopencm3//lib/libopencm3_stm32f1.a(gpio.o)
 .debug_info    0x0000000000000539      0x21b ../../../libopencm3//lib/libopencm3_stm32f1.a(gpio_common_all.o)
 .debug_info    0x0000000000000754      0x511 ../../../libopencm3//lib/libopencm3_stm32f1.a(rcc_common_all.o)
 .debug_info    0x0000000000000c65      0x28a ../../../libopencm3//lib/libopencm3_stm32f1.a(vector.o)

.debug_abbrev   0x0000000000000000      0x492
 .debug_abbrev  0x0000000000000000       0xfc blinking.o
 .debug_abbrev  0x00000000000000fc       0xb4 ../../../libopencm3//lib/libopencm3_stm32f1.a(gpio.o)
 .debug_abbrev  0x00000000000001b0       0xfc ../../../libopencm3//lib/libopencm3_stm32f1.a(gpio_common_all.o)
 .debug_abbrev  0x00000000000002ac       0xbe ../../../libopencm3//lib/libopencm3_stm32f1.a(rcc_common_all.o)
 .debug_abbrev  0x000000000000036a      0x128 ../../../libopencm3//lib/libopencm3_stm32f1.a(vector.o)

.debug_loc      0x0000000000000000      0x483
 .debug_loc     0x0000000000000000       0x92 blinking.o
 .debug_loc     0x0000000000000092      0x14f ../../../libopencm3//lib/libopencm3_stm32f1.a(gpio.o)
 .debug_loc     0x00000000000001e1       0x84 ../../../libopencm3//lib/libopencm3_stm32f1.a(gpio_common_all.o)
 .debug_loc     0x0000000000000265      0x129 ../../../libopencm3//lib/libopencm3_stm32f1.a(rcc_common_all.o)
 .debug_loc     0x000000000000038e       0xf5 ../../../libopencm3//lib/libopencm3_stm32f1.a(vector.o)

.debug_aranges  0x0000000000000000      0x138
 .debug_aranges
                0x0000000000000000       0x20 blinking.o
 .debug_aranges
                0x0000000000000020       0x38 ../../../libopencm3//lib/libopencm3_stm32f1.a(gpio.o)
 .debug_aranges
                0x0000000000000058       0x50 ../../../libopencm3//lib/libopencm3_stm32f1.a(gpio_common_all.o)
 .debug_aranges
                0x00000000000000a8       0x60 ../../../libopencm3//lib/libopencm3_stm32f1.a(rcc_common_all.o)
 .debug_aranges
                0x0000000000000108       0x30 ../../../libopencm3//lib/libopencm3_stm32f1.a(vector.o)

.debug_ranges   0x0000000000000000       0xe8
 .debug_ranges  0x0000000000000000       0x10 blinking.o
 .debug_ranges  0x0000000000000010       0x28 ../../../libopencm3//lib/libopencm3_stm32f1.a(gpio.o)
 .debug_ranges  0x0000000000000038       0x40 ../../../libopencm3//lib/libopencm3_stm32f1.a(gpio_common_all.o)
 .debug_ranges  0x0000000000000078       0x50 ../../../libopencm3//lib/libopencm3_stm32f1.a(rcc_common_all.o)
 .debug_ranges  0x00000000000000c8       0x20 ../../../libopencm3//lib/libopencm3_stm32f1.a(vector.o)

.debug_line     0x0000000000000000      0x5a6
 .debug_line    0x0000000000000000      0x159 blinking.o
 .debug_line    0x0000000000000159       0xea ../../../libopencm3//lib/libopencm3_stm32f1.a(gpio.o)
 .debug_line    0x0000000000000243      0x119 ../../../libopencm3//lib/libopencm3_stm32f1.a(gpio_common_all.o)
 .debug_line    0x000000000000035c      0x15f ../../../libopencm3//lib/libopencm3_stm32f1.a(rcc_common_all.o)
 .debug_line    0x00000000000004bb       0xeb ../../../libopencm3//lib/libopencm3_stm32f1.a(vector.o)

.debug_str      0x0000000000000000      0xaba
 .debug_str     0x0000000000000000      0x439 blinking.o
                                        0x48c (size before relaxing)
 .debug_str     0x0000000000000439      0x19a ../../../libopencm3//lib/libopencm3_stm32f1.a(gpio.o)
                                        0x26b (size before relaxing)
 .debug_str     0x00000000000005d3       0x74 ../../../libopencm3//lib/libopencm3_stm32f1.a(gpio_common_all.o)
                                        0x25a (size before relaxing)
 .debug_str     0x0000000000000647      0x2bf ../../../libopencm3//lib/libopencm3_stm32f1.a(rcc_common_all.o)
                                        0x6d7 (size before relaxing)
 .debug_str     0x0000000000000906      0x1b4 ../../../libopencm3//lib/libopencm3_stm32f1.a(vector.o)
                                        0x35d (size before relaxing)

.comment        0x0000000000000000       0x70
 .comment       0x0000000000000000       0x70 blinking.o
                                         0x71 (size before relaxing)
 .comment       0x0000000000000000       0x71 ../../../libopencm3//lib/libopencm3_stm32f1.a(gpio.o)
 .comment       0x0000000000000000       0x71 ../../../libopencm3//lib/libopencm3_stm32f1.a(gpio_common_all.o)
 .comment       0x0000000000000000       0x71 ../../../libopencm3//lib/libopencm3_stm32f1.a(rcc_common_all.o)
 .comment       0x0000000000000000       0x71 ../../../libopencm3//lib/libopencm3_stm32f1.a(vector.o)

.ARM.attributes
                0x0000000000000000       0x33
 .ARM.attributes
                0x0000000000000000       0x33 blinking.o
 .ARM.attributes
                0x0000000000000033       0x33 ../../../libopencm3//lib/libopencm3_stm32f1.a(gpio.o)
 .ARM.attributes
                0x0000000000000066       0x33 ../../../libopencm3//lib/libopencm3_stm32f1.a(gpio_common_all.o)
 .ARM.attributes
                0x0000000000000099       0x33 ../../../libopencm3//lib/libopencm3_stm32f1.a(rcc_common_all.o)
 .ARM.attributes
                0x00000000000000cc       0x33 ../../../libopencm3//lib/libopencm3_stm32f1.a(vector.o)

.debug_frame    0x0000000000000000      0x1ec
 .debug_frame   0x0000000000000000       0x28 blinking.o
 .debug_frame   0x0000000000000028       0x64 ../../../libopencm3//lib/libopencm3_stm32f1.a(gpio.o)
 .debug_frame   0x000000000000008c       0x80 ../../../libopencm3//lib/libopencm3_stm32f1.a(gpio_common_all.o)
 .debug_frame   0x000000000000010c       0xa0 ../../../libopencm3//lib/libopencm3_stm32f1.a(rcc_common_all.o)
 .debug_frame   0x00000000000001ac       0x40 ../../../libopencm3//lib/libopencm3_stm32f1.a(vector.o)
