Archive member included because of file (symbol)

../../../libopencm3//lib/libopencm3_stm32f1.a(gpio.o)
                              lis302.o (gpio_set_mode)
../../../libopencm3//lib/libopencm3_stm32f1.a(rcc.o)
                              main.o (rcc_clock_setup_in_hsi_out_24mhz)
../../../libopencm3//lib/libopencm3_stm32f1.a(i2c_common_all.o)
                              my_i2c.o (i2c_reset)
../../../libopencm3//lib/libopencm3_stm32f1.a(rcc_common_all.o)
                              my_i2c.o (rcc_peripheral_enable_clock)
../../../libopencm3//lib/libopencm3_stm32f1.a(flash_common_f01.o)
                              ../../../libopencm3//lib/libopencm3_stm32f1.a(rcc.o) (flash_set_ws)
../../../libopencm3//lib/libopencm3_stm32f1.a(vector.o)
                              (reset_handler)
../../../libopencm3//lib/libopencm3_stm32f1.a(assert.o)
                              ../../../libopencm3//lib/libopencm3_stm32f1.a(rcc.o) (cm3_assert_failed)
../../../libopencm3//lib/libopencm3_stm32f1.a(flash.o)
                              ../../../libopencm3//lib/libopencm3_stm32f1.a(flash_common_f01.o) (flash_get_status_flags)

Discarded input sections

 .text          0x0000000000000000        0x0 lis302.o
 .data          0x0000000000000000        0x0 lis302.o
 .bss           0x0000000000000000        0x0 lis302.o
 .text          0x0000000000000000        0x0 my_i2c.o
 .data          0x0000000000000000        0x0 my_i2c.o
 .bss           0x0000000000000000        0x0 my_i2c.o
 .text.init_I2C1_GPIO
                0x0000000000000000       0x24 my_i2c.o
 .text          0x0000000000000000        0x0 main.o
 .data          0x0000000000000000        0x0 main.o
 .bss           0x0000000000000000        0x0 main.o
 .text.init_system_clock
                0x0000000000000000        0x4 main.o
 .text.init_things
                0x0000000000000000        0x4 main.o
 .text.init_GPIO
                0x0000000000000000        0x2 main.o
 .text          0x0000000000000000        0x0 ../../../libopencm3//lib/libopencm3_stm32f1.a(gpio.o)
 .data          0x0000000000000000        0x0 ../../../libopencm3//lib/libopencm3_stm32f1.a(gpio.o)
 .bss           0x0000000000000000        0x0 ../../../libopencm3//lib/libopencm3_stm32f1.a(gpio.o)
 .text.gpio_set_eventout
                0x0000000000000000       0x10 ../../../libopencm3//lib/libopencm3_stm32f1.a(gpio.o)
 .text.gpio_primary_remap
                0x0000000000000000       0x18 ../../../libopencm3//lib/libopencm3_stm32f1.a(gpio.o)
 .text.gpio_secondary_remap
                0x0000000000000000       0x10 ../../../libopencm3//lib/libopencm3_stm32f1.a(gpio.o)
 .text          0x0000000000000000        0x0 ../../../libopencm3//lib/libopencm3_stm32f1.a(rcc.o)
 .data          0x0000000000000000        0x0 ../../../libopencm3//lib/libopencm3_stm32f1.a(rcc.o)
 .bss           0x0000000000000000        0x0 ../../../libopencm3//lib/libopencm3_stm32f1.a(rcc.o)
 .text.rcc_osc_ready_int_clear
                0x0000000000000000       0x5c ../../../libopencm3//lib/libopencm3_stm32f1.a(rcc.o)
 .text.rcc_osc_ready_int_enable
                0x0000000000000000       0x5c ../../../libopencm3//lib/libopencm3_stm32f1.a(rcc.o)
 .text.rcc_osc_ready_int_disable
                0x0000000000000000       0x5c ../../../libopencm3//lib/libopencm3_stm32f1.a(rcc.o)
 .text.rcc_osc_ready_int_flag
                0x0000000000000000       0x54 ../../../libopencm3//lib/libopencm3_stm32f1.a(rcc.o)
 .text.rcc_css_int_clear
                0x0000000000000000       0x10 ../../../libopencm3//lib/libopencm3_stm32f1.a(rcc.o)
 .text.rcc_css_int_flag
                0x0000000000000000       0x10 ../../../libopencm3//lib/libopencm3_stm32f1.a(rcc.o)
 .text.rcc_osc_off
                0x0000000000000000       0x58 ../../../libopencm3//lib/libopencm3_stm32f1.a(rcc.o)
 .text.rcc_css_enable
                0x0000000000000000       0x10 ../../../libopencm3//lib/libopencm3_stm32f1.a(rcc.o)
 .text.rcc_css_disable
                0x0000000000000000       0x10 ../../../libopencm3//lib/libopencm3_stm32f1.a(rcc.o)
 .text.rcc_osc_bypass_enable
                0x0000000000000000       0x28 ../../../libopencm3//lib/libopencm3_stm32f1.a(rcc.o)
 .text.rcc_osc_bypass_disable
                0x0000000000000000       0x28 ../../../libopencm3//lib/libopencm3_stm32f1.a(rcc.o)
 .text.rcc_set_pll2_multiplication_factor
                0x0000000000000000       0x14 ../../../libopencm3//lib/libopencm3_stm32f1.a(rcc.o)
 .text.rcc_set_pll3_multiplication_factor
                0x0000000000000000       0x14 ../../../libopencm3//lib/libopencm3_stm32f1.a(rcc.o)
 .text.rcc_set_pllxtpre
                0x0000000000000000       0x14 ../../../libopencm3//lib/libopencm3_stm32f1.a(rcc.o)
 .text.rcc_set_usbpre
                0x0000000000000000       0x18 ../../../libopencm3//lib/libopencm3_stm32f1.a(rcc.o)
 .text.rcc_set_prediv1
                0x0000000000000000       0x14 ../../../libopencm3//lib/libopencm3_stm32f1.a(rcc.o)
 .text.rcc_set_prediv2
                0x0000000000000000       0x14 ../../../libopencm3//lib/libopencm3_stm32f1.a(rcc.o)
 .text.rcc_set_prediv1_source
                0x0000000000000000       0x18 ../../../libopencm3//lib/libopencm3_stm32f1.a(rcc.o)
 .text.rcc_set_mco
                0x0000000000000000       0x14 ../../../libopencm3//lib/libopencm3_stm32f1.a(rcc.o)
 .text.rcc_system_clock_source
                0x0000000000000000       0x10 ../../../libopencm3//lib/libopencm3_stm32f1.a(rcc.o)
 .text.rcc_clock_setup_in_hsi_out_64mhz
                0x0000000000000000       0x6c ../../../libopencm3//lib/libopencm3_stm32f1.a(rcc.o)
 .text.rcc_clock_setup_in_hsi_out_48mhz
                0x0000000000000000       0x7c ../../../libopencm3//lib/libopencm3_stm32f1.a(rcc.o)
 .text.rcc_clock_setup_in_hse_8mhz_out_24mhz
                0x0000000000000000       0x80 ../../../libopencm3//lib/libopencm3_stm32f1.a(rcc.o)
 .text.rcc_clock_setup_in_hse_8mhz_out_72mhz
                0x0000000000000000       0x84 ../../../libopencm3//lib/libopencm3_stm32f1.a(rcc.o)
 .text.rcc_clock_setup_in_hse_12mhz_out_72mhz
                0x0000000000000000       0x84 ../../../libopencm3//lib/libopencm3_stm32f1.a(rcc.o)
 .text.rcc_clock_setup_in_hse_16mhz_out_72mhz
                0x0000000000000000       0x84 ../../../libopencm3//lib/libopencm3_stm32f1.a(rcc.o)
 .text.rcc_clock_setup_in_hse_25mhz_out_72mhz
                0x0000000000000000       0x9c ../../../libopencm3//lib/libopencm3_stm32f1.a(rcc.o)
 .text.rcc_backupdomain_reset
                0x0000000000000000       0x18 ../../../libopencm3//lib/libopencm3_stm32f1.a(rcc.o)
 .text          0x0000000000000000        0x0 ../../../libopencm3//lib/libopencm3_stm32f1.a(i2c_common_all.o)
 .data          0x0000000000000000        0x0 ../../../libopencm3//lib/libopencm3_stm32f1.a(i2c_common_all.o)
 .bss           0x0000000000000000        0x0 ../../../libopencm3//lib/libopencm3_stm32f1.a(i2c_common_all.o)
 .text.i2c_clear_stop
                0x0000000000000000        0xa ../../../libopencm3//lib/libopencm3_stm32f1.a(i2c_common_all.o)
 .text.i2c_set_own_10bit_slave_address
                0x0000000000000000        0x8 ../../../libopencm3//lib/libopencm3_stm32f1.a(i2c_common_all.o)
 .text.i2c_set_fast_mode
                0x0000000000000000        0xa ../../../libopencm3//lib/libopencm3_stm32f1.a(i2c_common_all.o)
 .text.i2c_enable_interrupt
                0x0000000000000000        0x8 ../../../libopencm3//lib/libopencm3_stm32f1.a(i2c_common_all.o)
 .text.i2c_disable_interrupt
                0x0000000000000000        0xa ../../../libopencm3//lib/libopencm3_stm32f1.a(i2c_common_all.o)
 .text.i2c_disable_ack
                0x0000000000000000        0xa ../../../libopencm3//lib/libopencm3_stm32f1.a(i2c_common_all.o)
 .text.i2c_nack_next
                0x0000000000000000        0xa ../../../libopencm3//lib/libopencm3_stm32f1.a(i2c_common_all.o)
 .text.i2c_nack_current
                0x0000000000000000        0xa ../../../libopencm3//lib/libopencm3_stm32f1.a(i2c_common_all.o)
 .text.i2c_set_dutycycle
                0x0000000000000000       0x12 ../../../libopencm3//lib/libopencm3_stm32f1.a(i2c_common_all.o)
 .text.i2c_enable_dma
                0x0000000000000000        0xa ../../../libopencm3//lib/libopencm3_stm32f1.a(i2c_common_all.o)
 .text.i2c_disable_dma
                0x0000000000000000        0xa ../../../libopencm3//lib/libopencm3_stm32f1.a(i2c_common_all.o)
 .text.i2c_set_dma_last_transfer
                0x0000000000000000        0xa ../../../libopencm3//lib/libopencm3_stm32f1.a(i2c_common_all.o)
 .text.i2c_clear_dma_last_transfer
                0x0000000000000000        0xa ../../../libopencm3//lib/libopencm3_stm32f1.a(i2c_common_all.o)
 .text          0x0000000000000000        0x0 ../../../libopencm3//lib/libopencm3_stm32f1.a(rcc_common_all.o)
 .data          0x0000000000000000        0x0 ../../../libopencm3//lib/libopencm3_stm32f1.a(rcc_common_all.o)
 .bss           0x0000000000000000        0x0 ../../../libopencm3//lib/libopencm3_stm32f1.a(rcc_common_all.o)
 .text.rcc_peripheral_disable_clock
                0x0000000000000000        0xa ../../../libopencm3//lib/libopencm3_stm32f1.a(rcc_common_all.o)
 .text.rcc_peripheral_reset
                0x0000000000000000        0x8 ../../../libopencm3//lib/libopencm3_stm32f1.a(rcc_common_all.o)
 .text.rcc_peripheral_clear_reset
                0x0000000000000000        0xa ../../../libopencm3//lib/libopencm3_stm32f1.a(rcc_common_all.o)
 .text.rcc_periph_clock_disable
                0x0000000000000000       0x1e ../../../libopencm3//lib/libopencm3_stm32f1.a(rcc_common_all.o)
 .text.rcc_periph_reset_hold
                0x0000000000000000       0x1c ../../../libopencm3//lib/libopencm3_stm32f1.a(rcc_common_all.o)
 .text.rcc_periph_reset_release
                0x0000000000000000       0x1e ../../../libopencm3//lib/libopencm3_stm32f1.a(rcc_common_all.o)
 .text          0x0000000000000000        0x0 ../../../libopencm3//lib/libopencm3_stm32f1.a(flash_common_f01.o)
 .data          0x0000000000000000        0x0 ../../../libopencm3//lib/libopencm3_stm32f1.a(flash_common_f01.o)
 .bss           0x0000000000000000        0x0 ../../../libopencm3//lib/libopencm3_stm32f1.a(flash_common_f01.o)
 .text.flash_prefetch_buffer_enable
                0x0000000000000000       0x10 ../../../libopencm3//lib/libopencm3_stm32f1.a(flash_common_f01.o)
 .text.flash_prefetch_buffer_disable
                0x0000000000000000       0x10 ../../../libopencm3//lib/libopencm3_stm32f1.a(flash_common_f01.o)
 .text.flash_unlock
                0x0000000000000000       0x24 ../../../libopencm3//lib/libopencm3_stm32f1.a(flash_common_f01.o)
 .text.flash_lock
                0x0000000000000000       0x10 ../../../libopencm3//lib/libopencm3_stm32f1.a(flash_common_f01.o)
 .text.flash_clear_pgerr_flag
                0x0000000000000000       0x10 ../../../libopencm3//lib/libopencm3_stm32f1.a(flash_common_f01.o)
 .text.flash_clear_eop_flag
                0x0000000000000000       0x10 ../../../libopencm3//lib/libopencm3_stm32f1.a(flash_common_f01.o)
 .text.flash_clear_wrprterr_flag
                0x0000000000000000       0x10 ../../../libopencm3//lib/libopencm3_stm32f1.a(flash_common_f01.o)
 .text.flash_clear_bsy_flag
                0x0000000000000000       0x10 ../../../libopencm3//lib/libopencm3_stm32f1.a(flash_common_f01.o)
 .text.flash_wait_for_last_operation
                0x0000000000000000        0xc ../../../libopencm3//lib/libopencm3_stm32f1.a(flash_common_f01.o)
 .text.flash_program_word
                0x0000000000000000       0x18 ../../../libopencm3//lib/libopencm3_stm32f1.a(flash_common_f01.o)
 .text.flash_unlock_option_bytes
                0x0000000000000000       0x18 ../../../libopencm3//lib/libopencm3_stm32f1.a(flash_common_f01.o)
 .text.flash_erase_option_bytes
                0x0000000000000000       0x34 ../../../libopencm3//lib/libopencm3_stm32f1.a(flash_common_f01.o)
 .text.flash_program_option_bytes
                0x0000000000000000       0x34 ../../../libopencm3//lib/libopencm3_stm32f1.a(flash_common_f01.o)
 .text          0x0000000000000000        0x0 ../../../libopencm3//lib/libopencm3_stm32f1.a(vector.o)
 .data          0x0000000000000000        0x0 ../../../libopencm3//lib/libopencm3_stm32f1.a(vector.o)
 .bss           0x0000000000000000        0x0 ../../../libopencm3//lib/libopencm3_stm32f1.a(vector.o)
 .text          0x0000000000000000        0x0 ../../../libopencm3//lib/libopencm3_stm32f1.a(assert.o)
 .data          0x0000000000000000        0x0 ../../../libopencm3//lib/libopencm3_stm32f1.a(assert.o)
 .bss           0x0000000000000000        0x0 ../../../libopencm3//lib/libopencm3_stm32f1.a(assert.o)
 .text.cm3_assert_failed
                0x0000000000000000        0x2 ../../../libopencm3//lib/libopencm3_stm32f1.a(assert.o)
 .text.cm3_assert_failed_verbose
                0x0000000000000000        0x6 ../../../libopencm3//lib/libopencm3_stm32f1.a(assert.o)
 .debug_info    0x0000000000000000       0xea ../../../libopencm3//lib/libopencm3_stm32f1.a(assert.o)
 .debug_abbrev  0x0000000000000000       0x86 ../../../libopencm3//lib/libopencm3_stm32f1.a(assert.o)
 .debug_loc     0x0000000000000000       0x84 ../../../libopencm3//lib/libopencm3_stm32f1.a(assert.o)
 .debug_aranges
                0x0000000000000000       0x28 ../../../libopencm3//lib/libopencm3_stm32f1.a(assert.o)
 .debug_ranges  0x0000000000000000       0x18 ../../../libopencm3//lib/libopencm3_stm32f1.a(assert.o)
 .debug_line    0x0000000000000000       0x53 ../../../libopencm3//lib/libopencm3_stm32f1.a(assert.o)
 .debug_str     0x0000000000000000      0x1fd ../../../libopencm3//lib/libopencm3_stm32f1.a(assert.o)
 .comment       0x0000000000000000       0x71 ../../../libopencm3//lib/libopencm3_stm32f1.a(assert.o)
 .ARM.attributes
                0x0000000000000000       0x33 ../../../libopencm3//lib/libopencm3_stm32f1.a(assert.o)
 .debug_frame   0x0000000000000000       0x38 ../../../libopencm3//lib/libopencm3_stm32f1.a(assert.o)
 .text          0x0000000000000000        0x0 ../../../libopencm3//lib/libopencm3_stm32f1.a(flash.o)
 .data          0x0000000000000000        0x0 ../../../libopencm3//lib/libopencm3_stm32f1.a(flash.o)
 .bss           0x0000000000000000        0x0 ../../../libopencm3//lib/libopencm3_stm32f1.a(flash.o)
 .text.flash_halfcycle_enable
                0x0000000000000000       0x10 ../../../libopencm3//lib/libopencm3_stm32f1.a(flash.o)
 .text.flash_halfcycle_disable
                0x0000000000000000       0x10 ../../../libopencm3//lib/libopencm3_stm32f1.a(flash.o)
 .text.flash_unlock_upper
                0x0000000000000000       0x30 ../../../libopencm3//lib/libopencm3_stm32f1.a(flash.o)
 .text.flash_lock_upper
                0x0000000000000000       0x10 ../../../libopencm3//lib/libopencm3_stm32f1.a(flash.o)
 .text.flash_clear_pgerr_flag_upper
                0x0000000000000000       0x20 ../../../libopencm3//lib/libopencm3_stm32f1.a(flash.o)
 .text.flash_clear_eop_flag_upper
                0x0000000000000000       0x20 ../../../libopencm3//lib/libopencm3_stm32f1.a(flash.o)
 .text.flash_clear_wrprterr_flag_upper
                0x0000000000000000       0x20 ../../../libopencm3//lib/libopencm3_stm32f1.a(flash.o)
 .text.flash_clear_bsy_flag_upper
                0x0000000000000000       0x20 ../../../libopencm3//lib/libopencm3_stm32f1.a(flash.o)
 .text.flash_clear_status_flags
                0x0000000000000000       0x38 ../../../libopencm3//lib/libopencm3_stm32f1.a(flash.o)
 .text.flash_get_status_flags
                0x0000000000000000       0x28 ../../../libopencm3//lib/libopencm3_stm32f1.a(flash.o)
 .text.flash_program_half_word
                0x0000000000000000       0x60 ../../../libopencm3//lib/libopencm3_stm32f1.a(flash.o)
 .text.flash_erase_page
                0x0000000000000000       0x78 ../../../libopencm3//lib/libopencm3_stm32f1.a(flash.o)
 .text.flash_erase_all_pages
                0x0000000000000000       0x48 ../../../libopencm3//lib/libopencm3_stm32f1.a(flash.o)
 .debug_info    0x0000000000000000      0x27b ../../../libopencm3//lib/libopencm3_stm32f1.a(flash.o)
 .debug_abbrev  0x0000000000000000       0xf6 ../../../libopencm3//lib/libopencm3_stm32f1.a(flash.o)
 .debug_loc     0x0000000000000000       0x9c ../../../libopencm3//lib/libopencm3_stm32f1.a(flash.o)
 .debug_aranges
                0x0000000000000000       0x80 ../../../libopencm3//lib/libopencm3_stm32f1.a(flash.o)
 .debug_ranges  0x0000000000000000       0x70 ../../../libopencm3//lib/libopencm3_stm32f1.a(flash.o)
 .debug_line    0x0000000000000000      0x1ef ../../../libopencm3//lib/libopencm3_stm32f1.a(flash.o)
 .debug_str     0x0000000000000000      0x39c ../../../libopencm3//lib/libopencm3_stm32f1.a(flash.o)
 .comment       0x0000000000000000       0x71 ../../../libopencm3//lib/libopencm3_stm32f1.a(flash.o)
 .ARM.attributes
                0x0000000000000000       0x33 ../../../libopencm3//lib/libopencm3_stm32f1.a(flash.o)
 .debug_frame   0x0000000000000000      0x104 ../../../libopencm3//lib/libopencm3_stm32f1.a(flash.o)

Memory Configuration

Name             Origin             Length             Attributes
rom              0x0000000008000000 0x0000000000010000 xr
ram              0x0000000020000000 0x0000000000005000 xrw
*default*        0x0000000000000000 0xffffffffffffffff

Linker script and memory map

LOAD lis302.o
LOAD my_i2c.o
LOAD main.o
LOAD ../../../libopencm3//lib/libopencm3_stm32f1.a
START GROUP
LOAD /usr/bin/../lib/gcc/arm-none-eabi/4.8.4/../../../../arm-none-eabi/lib/armv7-m/libc.a
LOAD /usr/bin/../lib/gcc/arm-none-eabi/4.8.4/armv7-m/libgcc.a
LOAD /usr/bin/../lib/gcc/arm-none-eabi/4.8.4/../../../../arm-none-eabi/lib/armv7-m/libnosys.a
END GROUP
START GROUP
LOAD /usr/bin/../lib/gcc/arm-none-eabi/4.8.4/armv7-m/libgcc.a
LOAD /usr/bin/../lib/gcc/arm-none-eabi/4.8.4/../../../../arm-none-eabi/lib/armv7-m/libc.a
END GROUP

.text           0x0000000008000000      0x674
 *(.vectors)
 .vectors       0x0000000008000000      0x150 ../../../libopencm3//lib/libopencm3_stm32f1.a(vector.o)
                0x0000000008000000                vector_table
 *(.text*)
 .text.init_Aint_pins
                0x0000000008000150       0x20 lis302.o
                0x0000000008000150                init_Aint_pins
 .text.init_lis302
                0x0000000008000170        0xe lis302.o
                0x0000000008000170                init_lis302
 *fill*         0x000000000800017e        0x2 
 .text.lis302_get_axis
                0x0000000008000180       0x84 lis302.o
                0x0000000008000180                lis302_get_axis
 .text.init_I2C1
                0x0000000008000204       0x80 my_i2c.o
                0x0000000008000204                init_I2C1
 .text.startup.main
                0x0000000008000284       0x3c main.o
                0x0000000008000284                main
 .text.gpio_set_mode
                0x00000000080002c0       0x70 ../../../libopencm3//lib/libopencm3_stm32f1.a(gpio.o)
                0x00000000080002c0                gpio_set_mode
 .text.rcc_osc_on.part.0
                0x0000000008000330       0x10 ../../../libopencm3//lib/libopencm3_stm32f1.a(rcc.o)
 .text.rcc_wait_for_osc_ready
                0x0000000008000340       0x64 ../../../libopencm3//lib/libopencm3_stm32f1.a(rcc.o)
                0x0000000008000340                rcc_wait_for_osc_ready
 .text.rcc_osc_on
                0x00000000080003a4       0x54 ../../../libopencm3//lib/libopencm3_stm32f1.a(rcc.o)
                0x00000000080003a4                rcc_osc_on
 .text.rcc_set_sysclk_source
                0x00000000080003f8       0x14 ../../../libopencm3//lib/libopencm3_stm32f1.a(rcc.o)
                0x00000000080003f8                rcc_set_sysclk_source
 .text.rcc_set_pll_multiplication_factor
                0x000000000800040c       0x14 ../../../libopencm3//lib/libopencm3_stm32f1.a(rcc.o)
                0x000000000800040c                rcc_set_pll_multiplication_factor
 .text.rcc_set_pll_source
                0x0000000008000420       0x14 ../../../libopencm3//lib/libopencm3_stm32f1.a(rcc.o)
                0x0000000008000420                rcc_set_pll_source
 .text.rcc_set_adcpre
                0x0000000008000434       0x14 ../../../libopencm3//lib/libopencm3_stm32f1.a(rcc.o)
                0x0000000008000434                rcc_set_adcpre
 .text.rcc_set_ppre2
                0x0000000008000448       0x14 ../../../libopencm3//lib/libopencm3_stm32f1.a(rcc.o)
                0x0000000008000448                rcc_set_ppre2
 .text.rcc_set_ppre1
                0x000000000800045c       0x14 ../../../libopencm3//lib/libopencm3_stm32f1.a(rcc.o)
                0x000000000800045c                rcc_set_ppre1
 .text.rcc_set_hpre
                0x0000000008000470       0x14 ../../../libopencm3//lib/libopencm3_stm32f1.a(rcc.o)
                0x0000000008000470                rcc_set_hpre
 .text.rcc_clock_setup_in_hsi_out_24mhz
                0x0000000008000484       0x68 ../../../libopencm3//lib/libopencm3_stm32f1.a(rcc.o)
                0x0000000008000484                rcc_clock_setup_in_hsi_out_24mhz
 .text.i2c_reset
                0x00000000080004ec       0x24 ../../../libopencm3//lib/libopencm3_stm32f1.a(i2c_common_all.o)
                0x00000000080004ec                i2c_reset
 .text.i2c_peripheral_enable
                0x0000000008000510        0xa ../../../libopencm3//lib/libopencm3_stm32f1.a(i2c_common_all.o)
                0x0000000008000510                i2c_peripheral_enable
 .text.i2c_peripheral_disable
                0x000000000800051a        0xa ../../../libopencm3//lib/libopencm3_stm32f1.a(i2c_common_all.o)
                0x000000000800051a                i2c_peripheral_disable
 .text.i2c_send_start
                0x0000000008000524        0xa ../../../libopencm3//lib/libopencm3_stm32f1.a(i2c_common_all.o)
                0x0000000008000524                i2c_send_start
 .text.i2c_send_stop
                0x000000000800052e        0xa ../../../libopencm3//lib/libopencm3_stm32f1.a(i2c_common_all.o)
                0x000000000800052e                i2c_send_stop
 .text.i2c_set_own_7bit_slave_address
                0x0000000008000538       0x16 ../../../libopencm3//lib/libopencm3_stm32f1.a(i2c_common_all.o)
                0x0000000008000538                i2c_set_own_7bit_slave_address
 .text.i2c_set_clock_frequency
                0x000000000800054e        0xe ../../../libopencm3//lib/libopencm3_stm32f1.a(i2c_common_all.o)
                0x000000000800054e                i2c_set_clock_frequency
 .text.i2c_send_data
                0x000000000800055c        0x4 ../../../libopencm3//lib/libopencm3_stm32f1.a(i2c_common_all.o)
                0x000000000800055c                i2c_send_data
 .text.i2c_set_standard_mode
                0x0000000008000560        0xa ../../../libopencm3//lib/libopencm3_stm32f1.a(i2c_common_all.o)
                0x0000000008000560                i2c_set_standard_mode
 .text.i2c_set_ccr
                0x000000000800056a        0xc ../../../libopencm3//lib/libopencm3_stm32f1.a(i2c_common_all.o)
                0x000000000800056a                i2c_set_ccr
 .text.i2c_set_trise
                0x0000000008000576        0x4 ../../../libopencm3//lib/libopencm3_stm32f1.a(i2c_common_all.o)
                0x0000000008000576                i2c_set_trise
 .text.i2c_send_7bit_address
                0x000000000800057a        0xa ../../../libopencm3//lib/libopencm3_stm32f1.a(i2c_common_all.o)
                0x000000000800057a                i2c_send_7bit_address
 .text.i2c_get_data
                0x0000000008000584        0x6 ../../../libopencm3//lib/libopencm3_stm32f1.a(i2c_common_all.o)
                0x0000000008000584                i2c_get_data
 .text.i2c_enable_ack
                0x000000000800058a        0xa ../../../libopencm3//lib/libopencm3_stm32f1.a(i2c_common_all.o)
                0x000000000800058a                i2c_enable_ack
 .text.rcc_peripheral_enable_clock
                0x0000000008000594        0x8 ../../../libopencm3//lib/libopencm3_stm32f1.a(rcc_common_all.o)
                0x0000000008000594                rcc_peripheral_enable_clock
 .text.rcc_periph_clock_enable
                0x000000000800059c       0x1c ../../../libopencm3//lib/libopencm3_stm32f1.a(rcc_common_all.o)
                0x000000000800059c                rcc_periph_clock_enable
 .text.rcc_periph_reset_pulse
                0x00000000080005b8       0x24 ../../../libopencm3//lib/libopencm3_stm32f1.a(rcc_common_all.o)
                0x00000000080005b8                rcc_periph_reset_pulse
 .text.flash_set_ws
                0x00000000080005dc       0x14 ../../../libopencm3//lib/libopencm3_stm32f1.a(flash_common_f01.o)
                0x00000000080005dc                flash_set_ws
 .text.blocking_handler
                0x00000000080005f0        0x2 ../../../libopencm3//lib/libopencm3_stm32f1.a(vector.o)
                0x00000000080005f0                usart3_isr
                0x00000000080005f0                rtc_isr
                0x00000000080005f0                tim7_isr
                0x00000000080005f0                adc1_2_isr
                0x00000000080005f0                tim1_trg_com_isr
                0x00000000080005f0                usb_hp_can_tx_isr
                0x00000000080005f0                tim6_isr
                0x00000000080005f0                usb_wakeup_isr
                0x00000000080005f0                blocking_handler
                0x00000000080005f0                tim5_isr
                0x00000000080005f0                otg_fs_isr
                0x00000000080005f0                spi1_isr
                0x00000000080005f0                dma1_channel6_isr
                0x00000000080005f0                exti2_isr
                0x00000000080005f0                can_rx1_isr
                0x00000000080005f0                dma1_channel5_isr
                0x00000000080005f0                dma2_channel5_isr
                0x00000000080005f0                usart1_isr
                0x00000000080005f0                usage_fault_handler
                0x00000000080005f0                tim8_trg_com_isr
                0x00000000080005f0                can2_rx0_isr
                0x00000000080005f0                tim1_brk_isr
                0x00000000080005f0                can2_rx1_isr
                0x00000000080005f0                tim1_cc_isr
                0x00000000080005f0                sdio_isr
                0x00000000080005f0                eth_isr
                0x00000000080005f0                dma1_channel4_isr
                0x00000000080005f0                tim8_brk_isr
                0x00000000080005f0                dma2_channel4_5_isr
                0x00000000080005f0                pvd_isr
                0x00000000080005f0                rcc_isr
                0x00000000080005f0                flash_isr
                0x00000000080005f0                uart4_isr
                0x00000000080005f0                rtc_alarm_isr
                0x00000000080005f0                exti15_10_isr
                0x00000000080005f0                hard_fault_handler
                0x00000000080005f0                exti1_isr
                0x00000000080005f0                i2c1_ev_isr
                0x00000000080005f0                dma2_channel1_isr
                0x00000000080005f0                spi2_isr
                0x00000000080005f0                tim8_up_isr
                0x00000000080005f0                dma2_channel2_isr
                0x00000000080005f0                adc3_isr
                0x00000000080005f0                exti3_isr
                0x00000000080005f0                tim3_isr
                0x00000000080005f0                usart2_isr
                0x00000000080005f0                usb_lp_can_rx0_isr
                0x00000000080005f0                i2c2_er_isr
                0x00000000080005f0                i2c2_ev_isr
                0x00000000080005f0                uart5_isr
                0x00000000080005f0                fsmc_isr
                0x00000000080005f0                dma1_channel1_isr
                0x00000000080005f0                exti4_isr
                0x00000000080005f0                mem_manage_handler
                0x00000000080005f0                can2_tx_isr
                0x00000000080005f0                exti9_5_isr
                0x00000000080005f0                dma2_channel3_isr
                0x00000000080005f0                dma1_channel7_isr
                0x00000000080005f0                tim1_up_isr
                0x00000000080005f0                can2_sce_isr
                0x00000000080005f0                tim4_isr
                0x00000000080005f0                dma1_channel2_isr
                0x00000000080005f0                i2c1_er_isr
                0x00000000080005f0                can_sce_isr
                0x00000000080005f0                tim8_cc_isr
                0x00000000080005f0                tamper_isr
                0x00000000080005f0                eth_wkup_isr
                0x00000000080005f0                bus_fault_handler
                0x00000000080005f0                wwdg_isr
                0x00000000080005f0                dma1_channel3_isr
                0x00000000080005f0                spi3_isr
                0x00000000080005f0                tim2_isr
                0x00000000080005f0                exti0_isr
 .text.null_handler
                0x00000000080005f2        0x2 ../../../libopencm3//lib/libopencm3_stm32f1.a(vector.o)
                0x00000000080005f2                null_handler
                0x00000000080005f2                sv_call_handler
                0x00000000080005f2                pend_sv_handler
                0x00000000080005f2                debug_monitor_handler
                0x00000000080005f2                sys_tick_handler
                0x00000000080005f2                nmi_handler
 .text.reset_handler
                0x00000000080005f4       0x80 ../../../libopencm3//lib/libopencm3_stm32f1.a(vector.o)
                0x00000000080005f4                reset_handler
                0x0000000008000674                . = ALIGN (0x4)
 *(.rodata*)
                0x0000000008000674                . = ALIGN (0x4)

.glue_7         0x0000000008000674        0x0
 .glue_7        0x0000000000000000        0x0 linker stubs

.glue_7t        0x0000000008000674        0x0
 .glue_7t       0x0000000000000000        0x0 linker stubs

.vfp11_veneer   0x0000000008000674        0x0
 .vfp11_veneer  0x0000000000000000        0x0 linker stubs

.v4_bx          0x0000000008000674        0x0
 .v4_bx         0x0000000000000000        0x0 linker stubs

.iplt           0x0000000008000674        0x0
 .iplt          0x0000000000000000        0x0 lis302.o

.rel.dyn        0x0000000008000674        0x0
 .rel.iplt      0x0000000000000000        0x0 lis302.o

.preinit_array  0x0000000008000674        0x0
                0x0000000008000674                . = ALIGN (0x4)
                0x0000000008000674                __preinit_array_start = .
 *(.preinit_array)
                0x0000000008000674                __preinit_array_end = .

.init_array     0x0000000008000674        0x0
                0x0000000008000674                . = ALIGN (0x4)
                0x0000000008000674                __init_array_start = .
 *(SORT(.init_array.*))
 *(.init_array)
                0x0000000008000674                __init_array_end = .

.fini_array     0x0000000008000674        0x0
                0x0000000008000674                . = ALIGN (0x4)
                0x0000000008000674                __fini_array_start = .
 *(.fini_array)
 *(SORT(.fini_array.*))
                0x0000000008000674                __fini_array_end = .

.ARM.extab
 *(.ARM.extab*)

.ARM.exidx      0x0000000008000674        0x0
                0x0000000008000674                __exidx_start = .
 *(.ARM.exidx*)
                0x0000000008000674                __exidx_end = .
                0x0000000008000674                . = ALIGN (0x4)
                0x0000000008000674                _etext = .

.data           0x0000000020000000        0x8 load address 0x0000000008000674
                0x0000000020000000                _data = .
 *(.data*)
 .data.rcc_ppre1_frequency
                0x0000000020000000        0x4 ../../../libopencm3//lib/libopencm3_stm32f1.a(rcc.o)
                0x0000000020000000                rcc_ppre1_frequency
 .data.rcc_ppre2_frequency
                0x0000000020000004        0x4 ../../../libopencm3//lib/libopencm3_stm32f1.a(rcc.o)
                0x0000000020000004                rcc_ppre2_frequency
                0x0000000020000008                . = ALIGN (0x4)
                0x0000000020000008                _edata = .
                0x0000000008000674                _data_loadaddr = LOADADDR (.data)

.igot.plt       0x0000000020000008        0x0 load address 0x000000000800067c
 .igot.plt      0x0000000000000000        0x0 lis302.o

.bss            0x0000000020000008        0x4 load address 0x000000000800067c
 *(.bss*)
 .bss.y_value   0x0000000020000008        0x1 main.o
                0x0000000020000008                y_value
 .bss.z_value   0x0000000020000009        0x1 main.o
                0x0000000020000009                z_value
 .bss.x_value   0x000000002000000a        0x1 main.o
                0x000000002000000a                x_value
 *(COMMON)
                0x000000002000000c                . = ALIGN (0x4)
 *fill*         0x000000002000000b        0x1 
                0x000000002000000c                _ebss = .

/DISCARD/
 *(.eh_frame)
                0x000000002000000c                . = ALIGN (0x4)
                0x000000002000000c                end = .
                0x0000000020005000                PROVIDE (_stack, (ORIGIN (ram) + 0x5000))
OUTPUT(main.elf elf32-littlearm)

.debug_info     0x0000000000000000     0x2e2f
 .debug_info    0x0000000000000000      0x465 lis302.o
 .debug_info    0x0000000000000465      0x34c my_i2c.o
 .debug_info    0x00000000000007b1      0x1d9 main.o
 .debug_info    0x000000000000098a      0x1c8 ../../../libopencm3//lib/libopencm3_stm32f1.a(gpio.o)
 .debug_info    0x0000000000000b52     0x1064 ../../../libopencm3//lib/libopencm3_stm32f1.a(rcc.o)
 .debug_info    0x0000000000001bb6      0x863 ../../../libopencm3//lib/libopencm3_stm32f1.a(i2c_common_all.o)
 .debug_info    0x0000000000002419      0x511 ../../../libopencm3//lib/libopencm3_stm32f1.a(rcc_common_all.o)
 .debug_info    0x000000000000292a      0x27b ../../../libopencm3//lib/libopencm3_stm32f1.a(flash_common_f01.o)
 .debug_info    0x0000000000002ba5      0x28a ../../../libopencm3//lib/libopencm3_stm32f1.a(vector.o)

.debug_abbrev   0x0000000000000000      0xa81
 .debug_abbrev  0x0000000000000000      0x15f lis302.o
 .debug_abbrev  0x000000000000015f       0xc6 my_i2c.o
 .debug_abbrev  0x0000000000000225      0x126 main.o
 .debug_abbrev  0x000000000000034b       0xb4 ../../../libopencm3//lib/libopencm3_stm32f1.a(gpio.o)
 .debug_abbrev  0x00000000000003ff      0x26c ../../../libopencm3//lib/libopencm3_stm32f1.a(rcc.o)
 .debug_abbrev  0x000000000000066b      0x14c ../../../libopencm3//lib/libopencm3_stm32f1.a(i2c_common_all.o)
 .debug_abbrev  0x00000000000007b7       0xbe ../../../libopencm3//lib/libopencm3_stm32f1.a(rcc_common_all.o)
 .debug_abbrev  0x0000000000000875       0xe4 ../../../libopencm3//lib/libopencm3_stm32f1.a(flash_common_f01.o)
 .debug_abbrev  0x0000000000000959      0x128 ../../../libopencm3//lib/libopencm3_stm32f1.a(vector.o)

.debug_loc      0x0000000000000000      0x901
 .debug_loc     0x0000000000000000       0x3f lis302.o
 .debug_loc     0x000000000000003f      0x14f ../../../libopencm3//lib/libopencm3_stm32f1.a(gpio.o)
 .debug_loc     0x000000000000018e      0x2e8 ../../../libopencm3//lib/libopencm3_stm32f1.a(rcc.o)
 .debug_loc     0x0000000000000476      0x19a ../../../libopencm3//lib/libopencm3_stm32f1.a(i2c_common_all.o)
 .debug_loc     0x0000000000000610      0x129 ../../../libopencm3//lib/libopencm3_stm32f1.a(rcc_common_all.o)
 .debug_loc     0x0000000000000739       0xd3 ../../../libopencm3//lib/libopencm3_stm32f1.a(flash_common_f01.o)
 .debug_loc     0x000000000000080c       0xf5 ../../../libopencm3//lib/libopencm3_stm32f1.a(vector.o)

.debug_aranges  0x0000000000000000      0x420
 .debug_aranges
                0x0000000000000000       0x30 lis302.o
 .debug_aranges
                0x0000000000000030       0x28 my_i2c.o
 .debug_aranges
                0x0000000000000058       0x38 main.o
 .debug_aranges
                0x0000000000000090       0x38 ../../../libopencm3//lib/libopencm3_stm32f1.a(gpio.o)
 .debug_aranges
                0x00000000000000c8      0x150 ../../../libopencm3//lib/libopencm3_stm32f1.a(rcc.o)
 .debug_aranges
                0x0000000000000218       0xf0 ../../../libopencm3//lib/libopencm3_stm32f1.a(i2c_common_all.o)
 .debug_aranges
                0x0000000000000308       0x60 ../../../libopencm3//lib/libopencm3_stm32f1.a(rcc_common_all.o)
 .debug_aranges
                0x0000000000000368       0x88 ../../../libopencm3//lib/libopencm3_stm32f1.a(flash_common_f01.o)
 .debug_aranges
                0x00000000000003f0       0x30 ../../../libopencm3//lib/libopencm3_stm32f1.a(vector.o)

.debug_ranges   0x0000000000000000      0x3c0
 .debug_ranges  0x0000000000000000       0x20 lis302.o
 .debug_ranges  0x0000000000000020       0x18 my_i2c.o
 .debug_ranges  0x0000000000000038       0x28 main.o
 .debug_ranges  0x0000000000000060       0x28 ../../../libopencm3//lib/libopencm3_stm32f1.a(gpio.o)
 .debug_ranges  0x0000000000000088      0x170 ../../../libopencm3//lib/libopencm3_stm32f1.a(rcc.o)
 .debug_ranges  0x00000000000001f8       0xe0 ../../../libopencm3//lib/libopencm3_stm32f1.a(i2c_common_all.o)
 .debug_ranges  0x00000000000002d8       0x50 ../../../libopencm3//lib/libopencm3_stm32f1.a(rcc_common_all.o)
 .debug_ranges  0x0000000000000328       0x78 ../../../libopencm3//lib/libopencm3_stm32f1.a(flash_common_f01.o)
 .debug_ranges  0x00000000000003a0       0x20 ../../../libopencm3//lib/libopencm3_stm32f1.a(vector.o)

.debug_line     0x0000000000000000     0x10b1
 .debug_line    0x0000000000000000      0x1ae lis302.o
 .debug_line    0x00000000000001ae      0x158 my_i2c.o
 .debug_line    0x0000000000000306      0x120 main.o
 .debug_line    0x0000000000000426       0xea ../../../libopencm3//lib/libopencm3_stm32f1.a(gpio.o)
 .debug_line    0x0000000000000510      0x49d ../../../libopencm3//lib/libopencm3_stm32f1.a(rcc.o)
 .debug_line    0x00000000000009ad      0x2d8 ../../../libopencm3//lib/libopencm3_stm32f1.a(i2c_common_all.o)
 .debug_line    0x0000000000000c85      0x15f ../../../libopencm3//lib/libopencm3_stm32f1.a(rcc_common_all.o)
 .debug_line    0x0000000000000de4      0x1e2 ../../../libopencm3//lib/libopencm3_stm32f1.a(flash_common_f01.o)
 .debug_line    0x0000000000000fc6       0xeb ../../../libopencm3//lib/libopencm3_stm32f1.a(vector.o)

.debug_str      0x0000000000000000     0x1283
 .debug_str     0x0000000000000000      0x4bd lis302.o
                                        0x50b (size before relaxing)
 .debug_str     0x00000000000004bd       0xe1 my_i2c.o
                                        0x303 (size before relaxing)
 .debug_str     0x000000000000059e       0x71 main.o
                                        0x27b (size before relaxing)
 .debug_str     0x000000000000060f      0x19a ../../../libopencm3//lib/libopencm3_stm32f1.a(gpio.o)
                                        0x26b (size before relaxing)
 .debug_str     0x00000000000007a9      0x3d8 ../../../libopencm3//lib/libopencm3_stm32f1.a(rcc.o)
                                        0x5d3 (size before relaxing)
 .debug_str     0x0000000000000b81      0x32b ../../../libopencm3//lib/libopencm3_stm32f1.a(i2c_common_all.o)
                                        0x853 (size before relaxing)
 .debug_str     0x0000000000000eac       0xb0 ../../../libopencm3//lib/libopencm3_stm32f1.a(rcc_common_all.o)
                                        0x6d7 (size before relaxing)
 .debug_str     0x0000000000000f5c      0x179 ../../../libopencm3//lib/libopencm3_stm32f1.a(flash_common_f01.o)
                                        0x359 (size before relaxing)
 .debug_str     0x00000000000010d5      0x1ae ../../../libopencm3//lib/libopencm3_stm32f1.a(vector.o)
                                        0x35d (size before relaxing)

.comment        0x0000000000000000       0x70
 .comment       0x0000000000000000       0x70 lis302.o
                                         0x71 (size before relaxing)
 .comment       0x0000000000000000       0x71 my_i2c.o
 .comment       0x0000000000000000       0x71 main.o
 .comment       0x0000000000000000       0x71 ../../../libopencm3//lib/libopencm3_stm32f1.a(gpio.o)
 .comment       0x0000000000000000       0x71 ../../../libopencm3//lib/libopencm3_stm32f1.a(rcc.o)
 .comment       0x0000000000000000       0x71 ../../../libopencm3//lib/libopencm3_stm32f1.a(i2c_common_all.o)
 .comment       0x0000000000000000       0x71 ../../../libopencm3//lib/libopencm3_stm32f1.a(rcc_common_all.o)
 .comment       0x0000000000000000       0x71 ../../../libopencm3//lib/libopencm3_stm32f1.a(flash_common_f01.o)
 .comment       0x0000000000000000       0x71 ../../../libopencm3//lib/libopencm3_stm32f1.a(vector.o)

.ARM.attributes
                0x0000000000000000       0x33
 .ARM.attributes
                0x0000000000000000       0x33 lis302.o
 .ARM.attributes
                0x0000000000000033       0x33 my_i2c.o
 .ARM.attributes
                0x0000000000000066       0x33 main.o
 .ARM.attributes
                0x0000000000000099       0x33 ../../../libopencm3//lib/libopencm3_stm32f1.a(gpio.o)
 .ARM.attributes
                0x00000000000000cc       0x33 ../../../libopencm3//lib/libopencm3_stm32f1.a(rcc.o)
 .ARM.attributes
                0x00000000000000ff       0x33 ../../../libopencm3//lib/libopencm3_stm32f1.a(i2c_common_all.o)
 .ARM.attributes
                0x0000000000000132       0x33 ../../../libopencm3//lib/libopencm3_stm32f1.a(rcc_common_all.o)
 .ARM.attributes
                0x0000000000000165       0x33 ../../../libopencm3//lib/libopencm3_stm32f1.a(flash_common_f01.o)
 .ARM.attributes
                0x0000000000000198       0x33 ../../../libopencm3//lib/libopencm3_stm32f1.a(vector.o)

.debug_frame    0x0000000000000000      0x7dc
 .debug_frame   0x0000000000000000       0x5c lis302.o
 .debug_frame   0x000000000000005c       0x44 my_i2c.o
 .debug_frame   0x00000000000000a0       0x58 main.o
 .debug_frame   0x00000000000000f8       0x64 ../../../libopencm3//lib/libopencm3_stm32f1.a(gpio.o)
 .debug_frame   0x000000000000015c      0x2c8 ../../../libopencm3//lib/libopencm3_stm32f1.a(rcc.o)
 .debug_frame   0x0000000000000424      0x1c0 ../../../libopencm3//lib/libopencm3_stm32f1.a(i2c_common_all.o)
 .debug_frame   0x00000000000005e4       0xa0 ../../../libopencm3//lib/libopencm3_stm32f1.a(rcc_common_all.o)
 .debug_frame   0x0000000000000684      0x118 ../../../libopencm3//lib/libopencm3_stm32f1.a(flash_common_f01.o)
 .debug_frame   0x000000000000079c       0x40 ../../../libopencm3//lib/libopencm3_stm32f1.a(vector.o)
