Archive member included because of file (symbol)

../../../libopencm3//lib/libopencm3_stm32f1.a(gpio.o)
                              lis302.o (gpio_set_mode)
../../../libopencm3//lib/libopencm3_stm32f1.a(i2c_common_all.o)
                              my_i2c.o (i2c_peripheral_enable)
../../../libopencm3//lib/libopencm3_stm32f1.a(rcc_common_all.o)
                              lis302.o (rcc_periph_clock_enable)
../../../libopencm3//lib/libopencm3_stm32f1.a(vector.o)
                              (reset_handler)

Discarded input sections

 .text          0x0000000000000000        0x0 lis302.o
 .data          0x0000000000000000        0x0 lis302.o
 .bss           0x0000000000000000        0x0 lis302.o
 .text          0x0000000000000000        0x0 my_i2c.o
 .data          0x0000000000000000        0x0 my_i2c.o
 .bss           0x0000000000000000        0x0 my_i2c.o
 .text          0x0000000000000000        0x0 main.o
 .data          0x0000000000000000        0x0 main.o
 .bss           0x0000000000000000        0x0 main.o
 .text          0x0000000000000000        0x0 ../../../libopencm3//lib/libopencm3_stm32f1.a(gpio.o)
 .data          0x0000000000000000        0x0 ../../../libopencm3//lib/libopencm3_stm32f1.a(gpio.o)
 .bss           0x0000000000000000        0x0 ../../../libopencm3//lib/libopencm3_stm32f1.a(gpio.o)
 .text.gpio_set_eventout
                0x0000000000000000       0x10 ../../../libopencm3//lib/libopencm3_stm32f1.a(gpio.o)
 .text.gpio_primary_remap
                0x0000000000000000       0x18 ../../../libopencm3//lib/libopencm3_stm32f1.a(gpio.o)
 .text.gpio_secondary_remap
                0x0000000000000000       0x10 ../../../libopencm3//lib/libopencm3_stm32f1.a(gpio.o)
 .text          0x0000000000000000        0x0 ../../../libopencm3//lib/libopencm3_stm32f1.a(i2c_common_all.o)
 .data          0x0000000000000000        0x0 ../../../libopencm3//lib/libopencm3_stm32f1.a(i2c_common_all.o)
 .bss           0x0000000000000000        0x0 ../../../libopencm3//lib/libopencm3_stm32f1.a(i2c_common_all.o)
 .text.i2c_reset
                0x0000000000000000       0x24 ../../../libopencm3//lib/libopencm3_stm32f1.a(i2c_common_all.o)
 .text.i2c_peripheral_disable
                0x0000000000000000        0xa ../../../libopencm3//lib/libopencm3_stm32f1.a(i2c_common_all.o)
 .text.i2c_send_start
                0x0000000000000000        0xa ../../../libopencm3//lib/libopencm3_stm32f1.a(i2c_common_all.o)
 .text.i2c_send_stop
                0x0000000000000000        0xa ../../../libopencm3//lib/libopencm3_stm32f1.a(i2c_common_all.o)
 .text.i2c_clear_stop
                0x0000000000000000        0xa ../../../libopencm3//lib/libopencm3_stm32f1.a(i2c_common_all.o)
 .text.i2c_set_own_10bit_slave_address
                0x0000000000000000        0x8 ../../../libopencm3//lib/libopencm3_stm32f1.a(i2c_common_all.o)
 .text.i2c_send_data
                0x0000000000000000        0x4 ../../../libopencm3//lib/libopencm3_stm32f1.a(i2c_common_all.o)
 .text.i2c_set_fast_mode
                0x0000000000000000        0xa ../../../libopencm3//lib/libopencm3_stm32f1.a(i2c_common_all.o)
 .text.i2c_set_standard_mode
                0x0000000000000000        0xa ../../../libopencm3//lib/libopencm3_stm32f1.a(i2c_common_all.o)
 .text.i2c_set_trise
                0x0000000000000000        0x4 ../../../libopencm3//lib/libopencm3_stm32f1.a(i2c_common_all.o)
 .text.i2c_send_7bit_address
                0x0000000000000000        0xa ../../../libopencm3//lib/libopencm3_stm32f1.a(i2c_common_all.o)
 .text.i2c_get_data
                0x0000000000000000        0x6 ../../../libopencm3//lib/libopencm3_stm32f1.a(i2c_common_all.o)
 .text.i2c_enable_interrupt
                0x0000000000000000        0x8 ../../../libopencm3//lib/libopencm3_stm32f1.a(i2c_common_all.o)
 .text.i2c_disable_interrupt
                0x0000000000000000        0xa ../../../libopencm3//lib/libopencm3_stm32f1.a(i2c_common_all.o)
 .text.i2c_disable_ack
                0x0000000000000000        0xa ../../../libopencm3//lib/libopencm3_stm32f1.a(i2c_common_all.o)
 .text.i2c_nack_next
                0x0000000000000000        0xa ../../../libopencm3//lib/libopencm3_stm32f1.a(i2c_common_all.o)
 .text.i2c_nack_current
                0x0000000000000000        0xa ../../../libopencm3//lib/libopencm3_stm32f1.a(i2c_common_all.o)
 .text.i2c_enable_dma
                0x0000000000000000        0xa ../../../libopencm3//lib/libopencm3_stm32f1.a(i2c_common_all.o)
 .text.i2c_disable_dma
                0x0000000000000000        0xa ../../../libopencm3//lib/libopencm3_stm32f1.a(i2c_common_all.o)
 .text.i2c_set_dma_last_transfer
                0x0000000000000000        0xa ../../../libopencm3//lib/libopencm3_stm32f1.a(i2c_common_all.o)
 .text.i2c_clear_dma_last_transfer
                0x0000000000000000        0xa ../../../libopencm3//lib/libopencm3_stm32f1.a(i2c_common_all.o)
 .text          0x0000000000000000        0x0 ../../../libopencm3//lib/libopencm3_stm32f1.a(rcc_common_all.o)
 .data          0x0000000000000000        0x0 ../../../libopencm3//lib/libopencm3_stm32f1.a(rcc_common_all.o)
 .bss           0x0000000000000000        0x0 ../../../libopencm3//lib/libopencm3_stm32f1.a(rcc_common_all.o)
 .text.rcc_peripheral_enable_clock
                0x0000000000000000        0x8 ../../../libopencm3//lib/libopencm3_stm32f1.a(rcc_common_all.o)
 .text.rcc_peripheral_disable_clock
                0x0000000000000000        0xa ../../../libopencm3//lib/libopencm3_stm32f1.a(rcc_common_all.o)
 .text.rcc_peripheral_reset
                0x0000000000000000        0x8 ../../../libopencm3//lib/libopencm3_stm32f1.a(rcc_common_all.o)
 .text.rcc_peripheral_clear_reset
                0x0000000000000000        0xa ../../../libopencm3//lib/libopencm3_stm32f1.a(rcc_common_all.o)
 .text.rcc_periph_clock_disable
                0x0000000000000000       0x1e ../../../libopencm3//lib/libopencm3_stm32f1.a(rcc_common_all.o)
 .text.rcc_periph_reset_pulse
                0x0000000000000000       0x24 ../../../libopencm3//lib/libopencm3_stm32f1.a(rcc_common_all.o)
 .text.rcc_periph_reset_hold
                0x0000000000000000       0x1c ../../../libopencm3//lib/libopencm3_stm32f1.a(rcc_common_all.o)
 .text.rcc_periph_reset_release
                0x0000000000000000       0x1e ../../../libopencm3//lib/libopencm3_stm32f1.a(rcc_common_all.o)
 .text          0x0000000000000000        0x0 ../../../libopencm3//lib/libopencm3_stm32f1.a(vector.o)
 .data          0x0000000000000000        0x0 ../../../libopencm3//lib/libopencm3_stm32f1.a(vector.o)
 .bss           0x0000000000000000        0x0 ../../../libopencm3//lib/libopencm3_stm32f1.a(vector.o)

Memory Configuration

Name             Origin             Length             Attributes
rom              0x0000000008000000 0x0000000000010000 xr
ram              0x0000000020000000 0x0000000000005000 xrw
*default*        0x0000000000000000 0xffffffffffffffff

Linker script and memory map

LOAD lis302.o
LOAD my_i2c.o
LOAD main.o
LOAD ../../../libopencm3//lib/libopencm3_stm32f1.a
START GROUP
LOAD /usr/bin/../lib/gcc/arm-none-eabi/4.8.4/../../../../arm-none-eabi/lib/armv7-m/libc.a
LOAD /usr/bin/../lib/gcc/arm-none-eabi/4.8.4/armv7-m/libgcc.a
LOAD /usr/bin/../lib/gcc/arm-none-eabi/4.8.4/../../../../arm-none-eabi/lib/armv7-m/libnosys.a
END GROUP
START GROUP
LOAD /usr/bin/../lib/gcc/arm-none-eabi/4.8.4/armv7-m/libgcc.a
LOAD /usr/bin/../lib/gcc/arm-none-eabi/4.8.4/../../../../arm-none-eabi/lib/armv7-m/libc.a
END GROUP

.text           0x0000000008000000      0x380
 *(.vectors)
 .vectors       0x0000000008000000      0x150 ../../../libopencm3//lib/libopencm3_stm32f1.a(vector.o)
                0x0000000008000000                vector_table
 *(.text*)
 .text.init_Aint_pins
                0x0000000008000150       0x20 lis302.o
                0x0000000008000150                init_Aint_pins
 .text.init_lis302
                0x0000000008000170        0xe lis302.o
                0x0000000008000170                init_lis302
 *fill*         0x000000000800017e        0x2 
 .text.init_I2C1_GPIO
                0x0000000008000180       0x20 my_i2c.o
                0x0000000008000180                init_I2C1_GPIO
 .text.init_I2C1
                0x00000000080001a0       0x5c my_i2c.o
                0x00000000080001a0                init_I2C1
 .text.init_GPIO
                0x00000000080001fc        0x8 main.o
                0x00000000080001fc                init_GPIO
 .text.init_things
                0x0000000008000204        0xe main.o
                0x0000000008000204                init_things
 .text.startup.main
                0x0000000008000212        0x8 main.o
                0x0000000008000212                main
 .text.gpio_set_mode
                0x000000000800021a       0x70 ../../../libopencm3//lib/libopencm3_stm32f1.a(gpio.o)
                0x000000000800021a                gpio_set_mode
 .text.i2c_peripheral_enable
                0x000000000800028a        0xa ../../../libopencm3//lib/libopencm3_stm32f1.a(i2c_common_all.o)
                0x000000000800028a                i2c_peripheral_enable
 .text.i2c_set_own_7bit_slave_address
                0x0000000008000294       0x16 ../../../libopencm3//lib/libopencm3_stm32f1.a(i2c_common_all.o)
                0x0000000008000294                i2c_set_own_7bit_slave_address
 .text.i2c_set_clock_frequency
                0x00000000080002aa        0xe ../../../libopencm3//lib/libopencm3_stm32f1.a(i2c_common_all.o)
                0x00000000080002aa                i2c_set_clock_frequency
 .text.i2c_set_ccr
                0x00000000080002b8        0xc ../../../libopencm3//lib/libopencm3_stm32f1.a(i2c_common_all.o)
                0x00000000080002b8                i2c_set_ccr
 .text.i2c_enable_ack
                0x00000000080002c4        0xa ../../../libopencm3//lib/libopencm3_stm32f1.a(i2c_common_all.o)
                0x00000000080002c4                i2c_enable_ack
 .text.i2c_set_dutycycle
                0x00000000080002ce       0x12 ../../../libopencm3//lib/libopencm3_stm32f1.a(i2c_common_all.o)
                0x00000000080002ce                i2c_set_dutycycle
 .text.rcc_periph_clock_enable
                0x00000000080002e0       0x1c ../../../libopencm3//lib/libopencm3_stm32f1.a(rcc_common_all.o)
                0x00000000080002e0                rcc_periph_clock_enable
 .text.blocking_handler
                0x00000000080002fc        0x2 ../../../libopencm3//lib/libopencm3_stm32f1.a(vector.o)
                0x00000000080002fc                usart3_isr
                0x00000000080002fc                rtc_isr
                0x00000000080002fc                tim7_isr
                0x00000000080002fc                adc1_2_isr
                0x00000000080002fc                tim1_trg_com_isr
                0x00000000080002fc                usb_hp_can_tx_isr
                0x00000000080002fc                tim6_isr
                0x00000000080002fc                usb_wakeup_isr
                0x00000000080002fc                blocking_handler
                0x00000000080002fc                tim5_isr
                0x00000000080002fc                otg_fs_isr
                0x00000000080002fc                spi1_isr
                0x00000000080002fc                dma1_channel6_isr
                0x00000000080002fc                exti2_isr
                0x00000000080002fc                can_rx1_isr
                0x00000000080002fc                dma1_channel5_isr
                0x00000000080002fc                dma2_channel5_isr
                0x00000000080002fc                usart1_isr
                0x00000000080002fc                usage_fault_handler
                0x00000000080002fc                tim8_trg_com_isr
                0x00000000080002fc                can2_rx0_isr
                0x00000000080002fc                tim1_brk_isr
                0x00000000080002fc                can2_rx1_isr
                0x00000000080002fc                tim1_cc_isr
                0x00000000080002fc                sdio_isr
                0x00000000080002fc                eth_isr
                0x00000000080002fc                dma1_channel4_isr
                0x00000000080002fc                tim8_brk_isr
                0x00000000080002fc                dma2_channel4_5_isr
                0x00000000080002fc                pvd_isr
                0x00000000080002fc                rcc_isr
                0x00000000080002fc                flash_isr
                0x00000000080002fc                uart4_isr
                0x00000000080002fc                rtc_alarm_isr
                0x00000000080002fc                exti15_10_isr
                0x00000000080002fc                hard_fault_handler
                0x00000000080002fc                exti1_isr
                0x00000000080002fc                i2c1_ev_isr
                0x00000000080002fc                dma2_channel1_isr
                0x00000000080002fc                spi2_isr
                0x00000000080002fc                tim8_up_isr
                0x00000000080002fc                dma2_channel2_isr
                0x00000000080002fc                adc3_isr
                0x00000000080002fc                exti3_isr
                0x00000000080002fc                tim3_isr
                0x00000000080002fc                usart2_isr
                0x00000000080002fc                usb_lp_can_rx0_isr
                0x00000000080002fc                i2c2_er_isr
                0x00000000080002fc                i2c2_ev_isr
                0x00000000080002fc                uart5_isr
                0x00000000080002fc                fsmc_isr
                0x00000000080002fc                dma1_channel1_isr
                0x00000000080002fc                exti4_isr
                0x00000000080002fc                mem_manage_handler
                0x00000000080002fc                can2_tx_isr
                0x00000000080002fc                exti9_5_isr
                0x00000000080002fc                dma2_channel3_isr
                0x00000000080002fc                dma1_channel7_isr
                0x00000000080002fc                tim1_up_isr
                0x00000000080002fc                can2_sce_isr
                0x00000000080002fc                tim4_isr
                0x00000000080002fc                dma1_channel2_isr
                0x00000000080002fc                i2c1_er_isr
                0x00000000080002fc                can_sce_isr
                0x00000000080002fc                tim8_cc_isr
                0x00000000080002fc                tamper_isr
                0x00000000080002fc                eth_wkup_isr
                0x00000000080002fc                bus_fault_handler
                0x00000000080002fc                wwdg_isr
                0x00000000080002fc                dma1_channel3_isr
                0x00000000080002fc                spi3_isr
                0x00000000080002fc                tim2_isr
                0x00000000080002fc                exti0_isr
 .text.null_handler
                0x00000000080002fe        0x2 ../../../libopencm3//lib/libopencm3_stm32f1.a(vector.o)
                0x00000000080002fe                null_handler
                0x00000000080002fe                sv_call_handler
                0x00000000080002fe                pend_sv_handler
                0x00000000080002fe                debug_monitor_handler
                0x00000000080002fe                sys_tick_handler
                0x00000000080002fe                nmi_handler
 .text.reset_handler
                0x0000000008000300       0x80 ../../../libopencm3//lib/libopencm3_stm32f1.a(vector.o)
                0x0000000008000300                reset_handler
                0x0000000008000380                . = ALIGN (0x4)
 *(.rodata*)
                0x0000000008000380                . = ALIGN (0x4)

.glue_7         0x0000000008000380        0x0
 .glue_7        0x0000000000000000        0x0 linker stubs

.glue_7t        0x0000000008000380        0x0
 .glue_7t       0x0000000000000000        0x0 linker stubs

.vfp11_veneer   0x0000000008000380        0x0
 .vfp11_veneer  0x0000000000000000        0x0 linker stubs

.v4_bx          0x0000000008000380        0x0
 .v4_bx         0x0000000000000000        0x0 linker stubs

.iplt           0x0000000008000380        0x0
 .iplt          0x0000000000000000        0x0 lis302.o

.rel.dyn        0x0000000008000380        0x0
 .rel.iplt      0x0000000000000000        0x0 lis302.o

.preinit_array  0x0000000008000380        0x0
                0x0000000008000380                . = ALIGN (0x4)
                0x0000000008000380                __preinit_array_start = .
 *(.preinit_array)
                0x0000000008000380                __preinit_array_end = .

.init_array     0x0000000008000380        0x0
                0x0000000008000380                . = ALIGN (0x4)
                0x0000000008000380                __init_array_start = .
 *(SORT(.init_array.*))
 *(.init_array)
                0x0000000008000380                __init_array_end = .

.fini_array     0x0000000008000380        0x0
                0x0000000008000380                . = ALIGN (0x4)
                0x0000000008000380                __fini_array_start = .
 *(.fini_array)
 *(SORT(.fini_array.*))
                0x0000000008000380                __fini_array_end = .

.ARM.extab
 *(.ARM.extab*)

.ARM.exidx      0x0000000008000380        0x0
                0x0000000008000380                __exidx_start = .
 *(.ARM.exidx*)
                0x0000000008000380                __exidx_end = .
                0x0000000008000380                . = ALIGN (0x4)
                0x0000000008000380                _etext = .

.data           0x0000000020000000        0x0 load address 0x0000000008000380
                0x0000000020000000                _data = .
 *(.data*)
                0x0000000020000000                . = ALIGN (0x4)
                0x0000000020000000                _edata = .
                0x0000000008000380                _data_loadaddr = LOADADDR (.data)

.igot.plt       0x0000000020000000        0x0 load address 0x0000000008000380
 .igot.plt      0x0000000000000000        0x0 lis302.o

.bss            0x0000000020000000        0x0 load address 0x0000000008000380
 *(.bss*)
 *(COMMON)
                0x0000000020000000                . = ALIGN (0x4)
                0x0000000020000000                _ebss = .

/DISCARD/
 *(.eh_frame)
                0x0000000020000000                . = ALIGN (0x4)
                0x0000000020000000                end = .
                0x0000000020005000                PROVIDE (_stack, (ORIGIN (ram) + 0x5000))
OUTPUT(main.elf elf32-littlearm)

.debug_info     0x0000000000000000     0x1b81
 .debug_info    0x0000000000000000      0x302 lis302.o
 .debug_info    0x0000000000000302      0x423 my_i2c.o
 .debug_info    0x0000000000000725      0x296 main.o
 .debug_info    0x00000000000009bb      0x1c8 ../../../libopencm3//lib/libopencm3_stm32f1.a(gpio.o)
 .debug_info    0x0000000000000b83      0x863 ../../../libopencm3//lib/libopencm3_stm32f1.a(i2c_common_all.o)
 .debug_info    0x00000000000013e6      0x511 ../../../libopencm3//lib/libopencm3_stm32f1.a(rcc_common_all.o)
 .debug_info    0x00000000000018f7      0x28a ../../../libopencm3//lib/libopencm3_stm32f1.a(vector.o)

.debug_abbrev   0x0000000000000000      0x660
 .debug_abbrev  0x0000000000000000       0xe7 lis302.o
 .debug_abbrev  0x00000000000000e7       0xd9 my_i2c.o
 .debug_abbrev  0x00000000000001c0       0xba main.o
 .debug_abbrev  0x000000000000027a       0xb4 ../../../libopencm3//lib/libopencm3_stm32f1.a(gpio.o)
 .debug_abbrev  0x000000000000032e      0x14c ../../../libopencm3//lib/libopencm3_stm32f1.a(i2c_common_all.o)
 .debug_abbrev  0x000000000000047a       0xbe ../../../libopencm3//lib/libopencm3_stm32f1.a(rcc_common_all.o)
 .debug_abbrev  0x0000000000000538      0x128 ../../../libopencm3//lib/libopencm3_stm32f1.a(vector.o)

.debug_aranges  0x0000000000000000      0x238
 .debug_aranges
                0x0000000000000000       0x28 lis302.o
 .debug_aranges
                0x0000000000000028       0x28 my_i2c.o
 .debug_aranges
                0x0000000000000050       0x30 main.o
 .debug_aranges
                0x0000000000000080       0x38 ../../../libopencm3//lib/libopencm3_stm32f1.a(gpio.o)
 .debug_aranges
                0x00000000000000b8       0xf0 ../../../libopencm3//lib/libopencm3_stm32f1.a(i2c_common_all.o)
 .debug_aranges
                0x00000000000001a8       0x60 ../../../libopencm3//lib/libopencm3_stm32f1.a(rcc_common_all.o)
 .debug_aranges
                0x0000000000000208       0x30 ../../../libopencm3//lib/libopencm3_stm32f1.a(vector.o)

.debug_ranges   0x0000000000000000      0x1c8
 .debug_ranges  0x0000000000000000       0x18 lis302.o
 .debug_ranges  0x0000000000000018       0x18 my_i2c.o
 .debug_ranges  0x0000000000000030       0x20 main.o
 .debug_ranges  0x0000000000000050       0x28 ../../../libopencm3//lib/libopencm3_stm32f1.a(gpio.o)
 .debug_ranges  0x0000000000000078       0xe0 ../../../libopencm3//lib/libopencm3_stm32f1.a(i2c_common_all.o)
 .debug_ranges  0x0000000000000158       0x50 ../../../libopencm3//lib/libopencm3_stm32f1.a(rcc_common_all.o)
 .debug_ranges  0x00000000000001a8       0x20 ../../../libopencm3//lib/libopencm3_stm32f1.a(vector.o)

.debug_line     0x0000000000000000      0x994
 .debug_line    0x0000000000000000      0x142 lis302.o
 .debug_line    0x0000000000000142      0x15e my_i2c.o
 .debug_line    0x00000000000002a0       0xe8 main.o
 .debug_line    0x0000000000000388       0xea ../../../libopencm3//lib/libopencm3_stm32f1.a(gpio.o)
 .debug_line    0x0000000000000472      0x2d8 ../../../libopencm3//lib/libopencm3_stm32f1.a(i2c_common_all.o)
 .debug_line    0x000000000000074a      0x15f ../../../libopencm3//lib/libopencm3_stm32f1.a(rcc_common_all.o)
 .debug_line    0x00000000000008a9       0xeb ../../../libopencm3//lib/libopencm3_stm32f1.a(vector.o)

.debug_str      0x0000000000000000      0xcb5
 .debug_str     0x0000000000000000      0x446 lis302.o
                                        0x494 (size before relaxing)
 .debug_str     0x0000000000000446       0x92 my_i2c.o
                                        0x502 (size before relaxing)
 .debug_str     0x00000000000004d8       0x1d main.o
                                        0x44c (size before relaxing)
 .debug_str     0x00000000000004f5      0x19a ../../../libopencm3//lib/libopencm3_stm32f1.a(gpio.o)
                                        0x26b (size before relaxing)
 .debug_str     0x000000000000068f      0x3ac ../../../libopencm3//lib/libopencm3_stm32f1.a(i2c_common_all.o)
                                        0x853 (size before relaxing)
 .debug_str     0x0000000000000a3b       0xcc ../../../libopencm3//lib/libopencm3_stm32f1.a(rcc_common_all.o)
                                        0x6d7 (size before relaxing)
 .debug_str     0x0000000000000b07      0x1ae ../../../libopencm3//lib/libopencm3_stm32f1.a(vector.o)
                                        0x35d (size before relaxing)

.comment        0x0000000000000000       0x70
 .comment       0x0000000000000000       0x70 lis302.o
                                         0x71 (size before relaxing)
 .comment       0x0000000000000000       0x71 my_i2c.o
 .comment       0x0000000000000000       0x71 main.o
 .comment       0x0000000000000000       0x71 ../../../libopencm3//lib/libopencm3_stm32f1.a(gpio.o)
 .comment       0x0000000000000000       0x71 ../../../libopencm3//lib/libopencm3_stm32f1.a(i2c_common_all.o)
 .comment       0x0000000000000000       0x71 ../../../libopencm3//lib/libopencm3_stm32f1.a(rcc_common_all.o)
 .comment       0x0000000000000000       0x71 ../../../libopencm3//lib/libopencm3_stm32f1.a(vector.o)

.ARM.attributes
                0x0000000000000000       0x33
 .ARM.attributes
                0x0000000000000000       0x33 lis302.o
 .ARM.attributes
                0x0000000000000033       0x33 my_i2c.o
 .ARM.attributes
                0x0000000000000066       0x33 main.o
 .ARM.attributes
                0x0000000000000099       0x33 ../../../libopencm3//lib/libopencm3_stm32f1.a(gpio.o)
 .ARM.attributes
                0x00000000000000cc       0x33 ../../../libopencm3//lib/libopencm3_stm32f1.a(i2c_common_all.o)
 .ARM.attributes
                0x00000000000000ff       0x33 ../../../libopencm3//lib/libopencm3_stm32f1.a(rcc_common_all.o)
 .ARM.attributes
                0x0000000000000132       0x33 ../../../libopencm3//lib/libopencm3_stm32f1.a(vector.o)

.debug_frame    0x0000000000000000      0x3d4
 .debug_frame   0x0000000000000000       0x40 lis302.o
 .debug_frame   0x0000000000000040       0x40 my_i2c.o
 .debug_frame   0x0000000000000080       0x50 main.o
 .debug_frame   0x00000000000000d0       0x64 ../../../libopencm3//lib/libopencm3_stm32f1.a(gpio.o)
 .debug_frame   0x0000000000000134      0x1c0 ../../../libopencm3//lib/libopencm3_stm32f1.a(i2c_common_all.o)
 .debug_frame   0x00000000000002f4       0xa0 ../../../libopencm3//lib/libopencm3_stm32f1.a(rcc_common_all.o)
 .debug_frame   0x0000000000000394       0x40 ../../../libopencm3//lib/libopencm3_stm32f1.a(vector.o)

.debug_loc      0x0000000000000000      0x507
 .debug_loc     0x0000000000000000      0x14f ../../../libopencm3//lib/libopencm3_stm32f1.a(gpio.o)
 .debug_loc     0x000000000000014f      0x19a ../../../libopencm3//lib/libopencm3_stm32f1.a(i2c_common_all.o)
 .debug_loc     0x00000000000002e9      0x129 ../../../libopencm3//lib/libopencm3_stm32f1.a(rcc_common_all.o)
 .debug_loc     0x0000000000000412       0xf5 ../../../libopencm3//lib/libopencm3_stm32f1.a(vector.o)
